16:28:32 **** Build of configuration Debug for project UART_driver ****
make -j12 all 
arm-none-eabi-gcc "../Src/main.c" -mcpu=cortex-m4 -std=gnu11 -g3 -DDEBUG -DSTM32 -DSTM32F401RETx -DSTM32F4 -c -I../Inc -O0 -ffunction-sections -fdata-sections -Wall -fstack-usage -MMD -MP -MF"Src/main.d" -MT"Src/main.o" --specs=nano.specs -mfpu=fpv4-sp-d16 -mfloat-abi=hard -mthumb -o "Src/main.o"
arm-none-eabi-gcc -o "UART_driver.elf" @"objects.list"   -mcpu=cortex-m4 -T"F:\STMCodes\UART_driver\STM32F401RETX_FLASH.ld" --specs=nosys.specs -Wl,-Map="UART_driver.map" -Wl,--gc-sections -static --specs=nano.specs -mfpu=fpv4-sp-d16 -mfloat-abi=hard -mthumb -Wl,--start-group -lc -lm -Wl,--end-group
Finished building target: UART_driver.elf
 
arm-none-eabi-size   UART_driver.elf 
arm-none-eabi-objdump -h -S  UART_driver.elf  > "UART_driver.list"
arm-none-eabi-objcopy  -O binary  UART_driver.elf  "UART_driver.bin"
   text	   data	    bss	    dec	    hex	filename
    696	      8	   1568	   2272	    8e0	UART_driver.elf
Finished building: default.size.stdout
 
Finished building: UART_driver.list
 
Finished building: UART_driver.bin
 

16:28:39 Build Finished. 0 errors, 0 warnings. (took 7s.323ms)

